\BOOKMARK [1][-]{section.1}{INTRODUCTION}{}% 1
\BOOKMARK [2][-]{subsection.1.1}{State of The Art and Motivation }{section.1}% 2
\BOOKMARK [2][-]{subsection.1.2}{Research Outputs and Contributions}{section.1}% 3
\BOOKMARK [2][-]{subsection.1.3}{Related Work}{section.1}% 4
\BOOKMARK [2][-]{subsection.1.4}{Paper Organization}{section.1}% 5
\BOOKMARK [1][-]{section.2}{PROPOSED SYSTEM MODEL AND PROBLEM FORMULATION}{}% 6
\BOOKMARK [2][-]{subsection.2.1}{Service Specification and Requirements}{section.2}% 7
\BOOKMARK [2][-]{subsection.2.2}{Infrastructure Model}{section.2}% 8
\BOOKMARK [2][-]{subsection.2.3}{Optimization Variables}{section.2}% 9
\BOOKMARK [2][-]{subsection.2.4}{Delay Model}{section.2}% 10
\BOOKMARK [3][-]{subsubsection.2.4.1}{Processing delay}{subsection.2.4}% 11
\BOOKMARK [3][-]{subsubsection.2.4.2}{ Propagation Delay}{subsection.2.4}% 12
\BOOKMARK [3][-]{subsubsection.2.4.3}{Transmission Delay}{subsection.2.4}% 13
\BOOKMARK [2][-]{subsection.2.5}{Objective Function}{section.2}% 14
\BOOKMARK [1][-]{section.3}{PROPOSED SOLUTION }{}% 15
\BOOKMARK [2][-]{subsection.3.1}{Proposed DQN Adaptive Resource \(DQN-AR\) Allocation Algorithm}{section.3}% 16
\BOOKMARK [1][-]{section.4}{COMPUTATIONAL COMPLEXITY}{}% 17
\BOOKMARK [1][-]{section.5}{SIMULATION RESULTS}{}% 18
\BOOKMARK [2][-]{subsection.5.1}{Simulation Setup}{section.5}% 19
\BOOKMARK [2][-]{subsection.5.2}{Simulation Results Discussions}{section.5}% 20
\BOOKMARK [3][-]{subsubsection.5.2.1}{Average Acceptance Ratio \(AAR\)}{subsection.5.2}% 21
\BOOKMARK [3][-]{subsubsection.5.2.2}{Average Network Utilization Cost \(ANUC\)}{subsection.5.2}% 22
\BOOKMARK [2][-]{subsection.5.3}{Baselines Algorithms}{section.5}% 23
\BOOKMARK [3][-]{subsubsection.5.3.1}{Effect of average number of the requests over time}{subsection.5.3}% 24
\BOOKMARK [3][-]{subsubsection.5.3.2}{Effect of the coefficient wcost on AAR}{subsection.5.3}% 25
\BOOKMARK [3][-]{subsubsection.5.3.3}{Effect of the coefficient wcost on ANUC}{subsection.5.3}% 26
\BOOKMARK [3][-]{subsubsection.5.3.4}{Effect of Average Service Life Time on AAR}{subsection.5.3}% 27
\BOOKMARK [3][-]{subsubsection.5.3.5}{Effect Network Resources on AAR}{subsection.5.3}% 28
\BOOKMARK [3][-]{subsubsection.5.3.6}{Effect of the network topology on ANUC}{subsection.5.3}% 29
\BOOKMARK [1][-]{section.6}{Future works}{}% 30
\BOOKMARK [1][-]{section.7}{Conclusion}{}% 31
\BOOKMARK [1][-]{section*.21}{References}{}% 32
